package sample

import __antithesis_instrumentation__ "antithesis.notifier/instrumentation"


//line input.go:3
func Make() func() int {
	__antithesis_instrumentation__.Notify(1)
	
//line input.go:4
	n := 0
	
//line input.go:5
	return func() int {
		__antithesis_instrumentation__.Notify(2)
		
//line input.go:6
		n++
		
//line input.go:7
		return n
	}
}
