//line input.go:1:1
package sample; import __antithesis_instrumentation__ "antithesis.notifier/instrumentation"

func Kind(x any) string {__antithesis_instrumentation__.Notify(1)
	switch x.(type) {
	case int:__antithesis_instrumentation__.Notify(3)
		return "int"
	case string:__antithesis_instrumentation__.Notify(4)
		return "string"
	}
	__antithesis_instrumentation__.Notify(2); return "other"
}
